environment: env_01F4KCNxYngRzYKG5a1QLRZT seed_file: file_01DkArUmCuBvPAUPa9xDH3vW
[b9_toolfail +1.2s] session_created {'session_id': 'sesn_01MfEiwmPsGrHvyLGncqRHPa'}
[b9_toolfail +1.4s] status {'status': 'running'}
[b9_toolfail +214.0s] status {'status': 'idle'}
[b9_toolfail +214.2s] idle {'status': 'idle', 'stop_reason': 'requires_action'}
[b9_toolfail +215.0s] injected_tool_result {'is_error': True, 'n': 1}
[b9_toolfail +215.4s] status {'status': 'running'}
[b9_toolfail +230.7s] status {'status': 'idle'}
[b9_toolfail +231.0s] idle {'status': 'idle', 'stop_reason': 'requires_action'}
[b9_toolfail +231.8s] injected_tool_result {'is_error': True, 'n': 2}
[b9_toolfail +232.1s] status {'status': 'running'}
[b9_toolfail +247.3s] status {'status': 'idle'}
[b9_toolfail +247.5s] idle {'status': 'idle', 'stop_reason': 'requires_action'}
[b9_toolfail +248.2s] injected_tool_result {'is_error': False, 'n': 3}
[b9_toolfail +248.6s] status {'status': 'running'}
[b9_toolfail +263.8s] status {'status': 'idle'}
[b9_toolfail +264.3s] sent {'interrupt': False, 'text': 'Two quick questions before you continue, answer in one line each: (1) what is the release codename? (2) list the standin'}
[b9_toolfail +389.2s] never_became_busy {}
[b9_toolfail +389.4s] status {'status': 'idle'}
[b9_toolfail] report -> /home/ubuntu/repos/clevin/experiments/B/artifacts/b9_toolfail/20260828T044208Z-1653cf/report.json
{
  "session_id": "sesn_01MfEiwmPsGrHvyLGncqRHPa",
  "supervision": {
    "nudges": 0,
    "outcome": "pass"
  },
  "elapsed_s": 389.6
}
