environment: env_01F4KCNxYngRzYKG5a1QLRZT seed_file: file_01RPyaiiQJz3dhufzVNS8qE7
[b1_baseline +0.9s] session_created {'session_id': 'sesn_01UE36DCGwwQtwTrxCGtyfdw'}
[b2_planned +0.9s] session_created {'session_id': 'sesn_011fwZNLZZPBzoGauFzdWQer'}
[b1_repeat +0.9s] session_created {'session_id': 'sesn_01Ti1qMo3nuztoxfx6cYY6bb'}
[b2_planned +1.1s] status {'status': 'running'}
[b1_baseline +1.1s] status {'status': 'running'}
[b1_repeat +1.1s] status {'status': 'running'}
[b4_memory +1.4s] session_created {'session_id': 'sesn_0173N5Tn7J7Tmau5H1ktx3Th'}
[b4_memory +1.5s] status {'status': 'running'}
[b3_subagents +1.7s] session_created {'session_id': 'sesn_01GaubMzQNcR9AfkigieR2X8'}
[b3_subagents +1.8s] status {'status': 'running'}
[b1_repeat +153.1s] status {'status': 'idle'}
[b1_repeat +153.4s] idle {'status': 'idle', 'stop_reason': 'end_turn'}
[b1_repeat +153.9s] sent {'interrupt': False, 'text': 'Two quick questions before you continue, answer in one line each: (1) what is the release codename? (2) list the standin'}
[b2_planned +168.3s] status {'status': 'idle'}
[b2_planned +168.5s] idle {'status': 'idle', 'stop_reason': 'end_turn'}
[b2_planned +169.0s] sent {'interrupt': False, 'text': 'Two quick questions before you continue, answer in one line each: (1) what is the release codename? (2) list the standin'}
[b4_memory +199.2s] status {'status': 'idle'}
[b4_memory +199.4s] idle {'status': 'idle', 'stop_reason': 'budget_reached'}
[b3_subagents +214.5s] status {'status': 'idle'}
[b3_subagents +214.7s] idle {'status': 'idle', 'stop_reason': 'end_turn'}
[b3_subagents +215.1s] sent {'interrupt': False, 'text': 'Two quick questions before you continue, answer in one line each: (1) what is the release codename? (2) list the standin'}
[b1_baseline +229.1s] status {'status': 'idle'}
[b1_baseline +229.3s] idle {'status': 'idle', 'stop_reason': 'end_turn'}
[b1_baseline +229.8s] sent {'interrupt': False, 'text': 'Two quick questions before you continue, answer in one line each: (1) what is the release codename? (2) list the standin'}
[b1_repeat +278.4s] never_became_busy {}
[b1_repeat +278.6s] status {'status': 'idle'}
[b1_repeat] report -> /home/ubuntu/repos/clevin/experiments/B/artifacts/b1_repeat/20260828T043848Z-c46c17/report.json
[b2_planned +293.6s] never_became_busy {}
[b2_planned +293.8s] status {'status': 'idle'}
[b2_planned] report -> /home/ubuntu/repos/clevin/experiments/B/artifacts/b2_planned/20260828T043848Z-3600d7/report.json
[b3_subagents +339.9s] never_became_busy {}
[b3_subagents +340.1s] status {'status': 'idle'}
[b3_subagents] report -> /home/ubuntu/repos/clevin/experiments/B/artifacts/b3_subagents/20260828T043848Z-91f500/report.json
[b1_baseline +354.4s] never_became_busy {}
[b1_baseline +354.6s] status {'status': 'idle'}
[b1_baseline] report -> /home/ubuntu/repos/clevin/experiments/B/artifacts/b1_baseline/20260828T043848Z-d59691/report.json
{
  "b4_memory": {
    "error": "BadRequestError: Error code: 400 - {'type': 'error', 'error': {'type': 'invalid_request_error', 'message': 'session budget reached: consumed list cost has met `budget.max_list_cost`; only `user.tool_confirmation`, `user.tool_result`, `user.custom_tool_result`, and `user.interrupt` are accepted until the budget is raised (rejected `user.message` at events[0])'}, 'request_id': 'req_011CeUXtrP2hGyo3cqexx3YK'}"
  },
  "b1_repeat": {
    "session": "sesn_01Ti1qMo3nuztoxfx6cYY6bb",
    "outcome": "pass",
    "nudges": 0,
    "score": "4/4",
    "elapsed_s": 278.8,
    "list_cost": {
      "amount": "41",
      "currency": "USD"
    },
    "compactions": 0,
    "codename_retained": true
  },
  "b2_planned": {
    "session": "sesn_011fwZNLZZPBzoGauFzdWQer",
    "outcome": "pass",
    "nudges": 0,
    "score": "4/4",
    "elapsed_s": 294.0,
    "list_cost": {
      "amount": "43",
      "currency": "USD"
    },
    "compactions": 0,
    "codename_retained": true
  },
  "b3_subagents": {
    "session": "sesn_01GaubMzQNcR9AfkigieR2X8",
    "outcome": "pass",
    "nudges": 0,
    "score": "4/4",
    "elapsed_s": 340.3,
    "list_cost": {
      "amount": "50",
      "currency": "USD"
    },
    "compactions": 0,
    "codename_retained": true
  },
  "b1_baseline": {
    "session": "sesn_01UE36DCGwwQtwTrxCGtyfdw",
    "outcome": "pass",
    "nudges": 0,
    "score": "4/4",
    "elapsed_s": 354.8,
    "list_cost": {
      "amount": "56",
      "currency": "USD"
    },
    "compactions": 0,
    "codename_retained": true
  }
}
