environment: env_01F4KCNxYngRzYKG5a1QLRZT seed_file: file_014oXHfxgiWzWoiTUvW7SuUw
[b5_resume +0.9s] session_created {'session_id': 'sesn_012LhdngwoQCEWot586kMghx'}
[b8_compaction +0.9s] session_created {'session_id': 'sesn_01WxxX6jTBjEHKjWBPu2XK1x'}
[b6_changing +1.0s] session_created {'session_id': 'sesn_01JZyfBFEttydpgbyDQVctBc'}
[b7_interrupt +1.1s] session_created {'session_id': 'sesn_015eCLRAcPtEFt8DKaHaZTTZ'}
[b8_compaction +1.1s] status {'status': 'running'}
[b5_resume +1.1s] status {'status': 'running'}
[b6_changing +21.7s] sent {'interrupt': False, 'text': 'Requirements change, effective immediately and for the rest of this task:\n\nC6. Every file under `src/` (not just the one'}
[b6_changing +22.1s] status {'status': 'running'}
[b5_resume +198.7s] status {'status': 'idle'}
[b5_resume +198.9s] idle {'status': 'idle', 'stop_reason': 'end_turn'}
[b5_resume +199.1s] idle_gap_start {'seconds': 900.0, 'index': 0}
[b6_changing +219.5s] status {'status': 'idle'}
[b6_changing +219.7s] idle {'status': 'idle', 'stop_reason': 'end_turn'}
[b6_changing +220.3s] sent {'interrupt': False, 'text': 'Run exactly this and reply with nothing but its output:\ncd /workspace/acme_billing && grep -Lx "# audit: CHANGE-REQUEST-'}
[b6_changing +225.9s] status {'status': 'running'}
[b6_changing +241.0s] status {'status': 'idle'}
[b6_changing +241.5s] sent {'interrupt': False, 'text': 'Two quick questions before you continue, answer in one line each: (1) what is the release codename? (2) list the standin'}
[b8_compaction +244.3s] status {'status': 'idle'}
[b8_compaction +244.5s] idle {'status': 'idle', 'stop_reason': 'end_turn'}
[b8_compaction +245.0s] sent {'interrupt': False, 'text': 'Two quick questions before you continue, answer in one line each: (1) what is the release codename? (2) list the standin'}
[b6_changing +366.1s] never_became_busy {}
[b6_changing +366.4s] status {'status': 'idle'}
[b6_changing] report -> /home/ubuntu/repos/clevin/experiments/B/artifacts/b6_changing/20260828T044001Z-dbcdcf/report.json
[b8_compaction +369.7s] never_became_busy {}
[b8_compaction +369.9s] status {'status': 'idle'}
[b8_compaction] report -> /home/ubuntu/repos/clevin/experiments/B/artifacts/b8_compaction/20260828T044001Z-63678c/report.json
[b7_interrupt +610.1s] status {'status': 'idle'}
[b7_interrupt +610.4s] idle {'status': 'idle', 'stop_reason': 'budget_reached'}
[b5_resume +1099.8s] sent {'interrupt': False, 'text': 'Resuming after a pause. Before continuing: in one line each, state (1) the release codename, (2) constraint C1 verbatim,'}
[b5_resume +1224.7s] never_became_busy {}
[b5_resume +1224.9s] status {'status': 'idle'}
[b5_resume +1225.4s] status {'status': 'idle'}
[b5_resume +1225.6s] idle {'status': 'idle', 'stop_reason': 'retries_exhausted'}
[b5_resume +1225.9s] idle_gap_start {'seconds': 900.0, 'index': 1}
